// Jest Snapshot v1, https://goo.gl/fbAQLP

exports[`Tests in <FirstApp /> should match to snapshot 1`] = `
<div>
  <h1
    data-testid="test-title"
  >
    Hello, I'm Satoru
  </h1>
  <p>
    Not subtitle
  </p>
  <p>
    Victor
  </p>
</div>
`;
